[2025-02-13T23:48:59.967-0500][gc,heap] Heap region size: 1M
[2025-02-13T23:48:59.976-0500][gc     ] Using G1
[2025-02-13T23:48:59.976-0500][gc,heap,coops] Heap address: 0x00000000c0000000, size: 1024 MB, Compressed Oops mode: 32-bit
[2025-02-13T23:48:59.977-0500][gc,cds       ] Mark closed archive regions in map: [0x00000000fff00000, 0x00000000fff6bff8]
[2025-02-13T23:48:59.977-0500][gc,cds       ] Mark open archive regions in map: [0x00000000ffe00000, 0x00000000ffe47ff8]
[2025-02-13T23:49:00.850-0500][gc,start     ] GC(0) Pause Young (Normal) (G1 Evacuation Pause)
[2025-02-13T23:49:00.851-0500][gc,task      ] GC(0) Using 11 workers of 11 for evacuation
[2025-02-13T23:49:00.869-0500][gc,phases    ] GC(0)   Pre Evacuate Collection Set: 0.0ms
[2025-02-13T23:49:00.869-0500][gc,phases    ] GC(0)   Evacuate Collection Set: 16.6ms
[2025-02-13T23:49:00.869-0500][gc,phases    ] GC(0)   Post Evacuate Collection Set: 1.0ms
[2025-02-13T23:49:00.869-0500][gc,phases    ] GC(0)   Other: 1.7ms
[2025-02-13T23:49:00.869-0500][gc,heap      ] GC(0) Eden regions: 51->0(44)
[2025-02-13T23:49:00.869-0500][gc,heap      ] GC(0) Survivor regions: 0->7(7)
[2025-02-13T23:49:00.869-0500][gc,heap      ] GC(0) Old regions: 2->3
[2025-02-13T23:49:00.869-0500][gc,heap      ] GC(0) Humongous regions: 0->0
[2025-02-13T23:49:00.869-0500][gc,metaspace ] GC(0) Metaspace: 13380K(13952K)->13380K(13952K) NonClass: 11694K(12032K)->11694K(12032K) Class: 1686K(1920K)->1686K(1920K)
[2025-02-13T23:49:00.869-0500][gc           ] GC(0) Pause Young (Normal) (G1 Evacuation Pause) 51M->8M(1024M) 19.393ms
[2025-02-13T23:49:00.869-0500][gc,cpu       ] GC(0) User=0.09s Sys=0.08s Real=0.02s
[2025-02-13T23:49:01.185-0500][gc,start     ] GC(1) Pause Young (Concurrent Start) (Metadata GC Threshold)
[2025-02-13T23:49:01.185-0500][gc,task      ] GC(1) Using 11 workers of 11 for evacuation
[2025-02-13T23:49:01.206-0500][gc,mmu       ] GC(1) MMU target violated: 20.3ms (20.0ms/21.0ms)
[2025-02-13T23:49:01.206-0500][gc,phases    ] GC(1)   Pre Evacuate Collection Set: 0.1ms
[2025-02-13T23:49:01.206-0500][gc,phases    ] GC(1)   Evacuate Collection Set: 19.1ms
[2025-02-13T23:49:01.206-0500][gc,phases    ] GC(1)   Post Evacuate Collection Set: 1.0ms
[2025-02-13T23:49:01.206-0500][gc,phases    ] GC(1)   Other: 0.3ms
[2025-02-13T23:49:01.206-0500][gc,heap      ] GC(1) Eden regions: 38->0(49)
[2025-02-13T23:49:01.206-0500][gc,heap      ] GC(1) Survivor regions: 7->2(7)
[2025-02-13T23:49:01.206-0500][gc,heap      ] GC(1) Old regions: 3->10
[2025-02-13T23:49:01.206-0500][gc,heap      ] GC(1) Humongous regions: 0->0
[2025-02-13T23:49:01.206-0500][gc,metaspace ] GC(1) Metaspace: 20510K(21248K)->20510K(21248K) NonClass: 18253K(18688K)->18253K(18688K) Class: 2257K(2560K)->2257K(2560K)
[2025-02-13T23:49:01.206-0500][gc           ] GC(1) Pause Young (Concurrent Start) (Metadata GC Threshold) 46M->9M(1024M) 20.466ms
[2025-02-13T23:49:01.206-0500][gc,cpu       ] GC(1) User=0.11s Sys=0.01s Real=0.02s
[2025-02-13T23:49:01.206-0500][gc           ] GC(2) Concurrent Cycle
[2025-02-13T23:49:01.206-0500][gc,marking   ] GC(2) Concurrent Clear Claimed Marks
[2025-02-13T23:49:01.206-0500][gc,marking   ] GC(2) Concurrent Clear Claimed Marks 0.131ms
[2025-02-13T23:49:01.206-0500][gc,marking   ] GC(2) Concurrent Scan Root Regions
[2025-02-13T23:49:01.208-0500][gc,marking   ] GC(2) Concurrent Scan Root Regions 1.709ms
[2025-02-13T23:49:01.208-0500][gc,marking   ] GC(2) Concurrent Mark (1.247s)
[2025-02-13T23:49:01.208-0500][gc,marking   ] GC(2) Concurrent Mark From Roots
[2025-02-13T23:49:01.209-0500][gc,task      ] GC(2) Using 3 workers of 3 for marking
[2025-02-13T23:49:01.213-0500][gc,marking   ] GC(2) Concurrent Mark From Roots 5.278ms
[2025-02-13T23:49:01.213-0500][gc,marking   ] GC(2) Concurrent Preclean
[2025-02-13T23:49:01.213-0500][gc,marking   ] GC(2) Concurrent Preclean 0.065ms
[2025-02-13T23:49:01.213-0500][gc,marking   ] GC(2) Concurrent Mark (1.247s, 1.252s) 5.441ms
[2025-02-13T23:49:01.214-0500][gc,start     ] GC(2) Pause Remark
[2025-02-13T23:49:01.220-0500][gc,stringtable] GC(2) Cleaned string and symbol table, strings: 6442 processed, 0 removed, symbols: 48912 processed, 46 removed
[2025-02-13T23:49:01.221-0500][gc            ] GC(2) Pause Remark 11M->11M(1024M) 7.214ms
[2025-02-13T23:49:01.221-0500][gc,cpu        ] GC(2) User=0.04s Sys=0.00s Real=0.01s
[2025-02-13T23:49:01.221-0500][gc,marking    ] GC(2) Concurrent Rebuild Remembered Sets
[2025-02-13T23:49:01.224-0500][gc,marking    ] GC(2) Concurrent Rebuild Remembered Sets 3.265ms
[2025-02-13T23:49:01.225-0500][gc,start      ] GC(2) Pause Cleanup
[2025-02-13T23:49:01.225-0500][gc            ] GC(2) Pause Cleanup 12M->12M(1024M) 0.272ms
[2025-02-13T23:49:01.225-0500][gc,cpu        ] GC(2) User=0.00s Sys=0.00s Real=0.01s
[2025-02-13T23:49:01.226-0500][gc,marking    ] GC(2) Concurrent Cleanup for Next Mark
[2025-02-13T23:49:01.229-0500][gc,marking    ] GC(2) Concurrent Cleanup for Next Mark 3.739ms
[2025-02-13T23:49:01.229-0500][gc            ] GC(2) Concurrent Cycle 23.424ms
[2025-02-13T23:49:01.761-0500][gc,start      ] GC(3) Pause Young (Normal) (G1 Evacuation Pause)
[2025-02-13T23:49:01.761-0500][gc,task       ] GC(3) Using 11 workers of 11 for evacuation
[2025-02-13T23:49:01.778-0500][gc,phases     ] GC(3)   Pre Evacuate Collection Set: 0.0ms
[2025-02-13T23:49:01.778-0500][gc,phases     ] GC(3)   Evacuate Collection Set: 16.6ms
[2025-02-13T23:49:01.778-0500][gc,phases     ] GC(3)   Post Evacuate Collection Set: 0.9ms
[2025-02-13T23:49:01.778-0500][gc,phases     ] GC(3)   Other: 0.1ms
[2025-02-13T23:49:01.778-0500][gc,heap       ] GC(3) Eden regions: 49->0(47)
[2025-02-13T23:49:01.778-0500][gc,heap       ] GC(3) Survivor regions: 2->4(7)
[2025-02-13T23:49:01.778-0500][gc,heap       ] GC(3) Old regions: 10->10
[2025-02-13T23:49:01.778-0500][gc,heap       ] GC(3) Humongous regions: 0->0
[2025-02-13T23:49:01.778-0500][gc,metaspace  ] GC(3) Metaspace: 29106K(30464K)->29106K(30464K) NonClass: 25761K(26624K)->25761K(26624K) Class: 3344K(3840K)->3344K(3840K)
[2025-02-13T23:49:01.778-0500][gc            ] GC(3) Pause Young (Normal) (G1 Evacuation Pause) 58M->11M(1024M) 17.721ms
[2025-02-13T23:49:01.778-0500][gc,cpu        ] GC(3) User=0.16s Sys=0.00s Real=0.02s
[2025-02-13T23:49:02.150-0500][gc,start      ] GC(4) Pause Young (Concurrent Start) (Metadata GC Threshold)
[2025-02-13T23:49:02.150-0500][gc,task       ] GC(4) Using 11 workers of 11 for evacuation
[2025-02-13T23:49:02.161-0500][gc,phases     ] GC(4)   Pre Evacuate Collection Set: 0.2ms
[2025-02-13T23:49:02.161-0500][gc,phases     ] GC(4)   Evacuate Collection Set: 9.3ms
[2025-02-13T23:49:02.161-0500][gc,phases     ] GC(4)   Post Evacuate Collection Set: 1.3ms
[2025-02-13T23:49:02.161-0500][gc,phases     ] GC(4)   Other: 0.2ms
[2025-02-13T23:49:02.161-0500][gc,heap       ] GC(4) Eden regions: 41->0(45)
[2025-02-13T23:49:02.161-0500][gc,heap       ] GC(4) Survivor regions: 4->6(7)
[2025-02-13T23:49:02.161-0500][gc,heap       ] GC(4) Old regions: 10->11
[2025-02-13T23:49:02.161-0500][gc,heap       ] GC(4) Humongous regions: 9->9
[2025-02-13T23:49:02.161-0500][gc,metaspace  ] GC(4) Metaspace: 34463K(35840K)->34463K(35840K) NonClass: 30469K(31232K)->30469K(31232K) Class: 3994K(4608K)->3994K(4608K)
[2025-02-13T23:49:02.161-0500][gc            ] GC(4) Pause Young (Concurrent Start) (Metadata GC Threshold) 61M->23M(1024M) 11.020ms
[2025-02-13T23:49:02.161-0500][gc,cpu        ] GC(4) User=0.07s Sys=0.00s Real=0.01s
[2025-02-13T23:49:02.161-0500][gc            ] GC(5) Concurrent Cycle
[2025-02-13T23:49:02.161-0500][gc,marking    ] GC(5) Concurrent Clear Claimed Marks
[2025-02-13T23:49:02.161-0500][gc,marking    ] GC(5) Concurrent Clear Claimed Marks 0.191ms
[2025-02-13T23:49:02.161-0500][gc,marking    ] GC(5) Concurrent Scan Root Regions
[2025-02-13T23:49:02.164-0500][gc,marking    ] GC(5) Concurrent Scan Root Regions 2.382ms
[2025-02-13T23:49:02.164-0500][gc,marking    ] GC(5) Concurrent Mark (2.203s)
[2025-02-13T23:49:02.164-0500][gc,marking    ] GC(5) Concurrent Mark From Roots
[2025-02-13T23:49:02.164-0500][gc,task       ] GC(5) Using 3 workers of 3 for marking
[2025-02-13T23:49:02.170-0500][gc,marking    ] GC(5) Concurrent Mark From Roots 6.462ms
[2025-02-13T23:49:02.170-0500][gc,marking    ] GC(5) Concurrent Preclean
[2025-02-13T23:49:02.170-0500][gc,marking    ] GC(5) Concurrent Preclean 0.083ms
[2025-02-13T23:49:02.170-0500][gc,marking    ] GC(5) Concurrent Mark (2.203s, 2.209s) 6.594ms
[2025-02-13T23:49:02.171-0500][gc,start      ] GC(5) Pause Remark
[2025-02-13T23:49:02.177-0500][gc,stringtable] GC(5) Cleaned string and symbol table, strings: 10017 processed, 9 removed, symbols: 85059 processed, 21 removed
[2025-02-13T23:49:02.178-0500][gc            ] GC(5) Pause Remark 24M->24M(1024M) 7.223ms
[2025-02-13T23:49:02.178-0500][gc,cpu        ] GC(5) User=0.04s Sys=0.01s Real=0.01s
[2025-02-13T23:49:02.178-0500][gc,marking    ] GC(5) Concurrent Rebuild Remembered Sets
[2025-02-13T23:49:02.181-0500][gc,marking    ] GC(5) Concurrent Rebuild Remembered Sets 2.576ms
[2025-02-13T23:49:02.181-0500][gc,start      ] GC(5) Pause Cleanup
[2025-02-13T23:49:02.182-0500][gc            ] GC(5) Pause Cleanup 25M->25M(1024M) 0.245ms
[2025-02-13T23:49:02.182-0500][gc,cpu        ] GC(5) User=0.00s Sys=0.00s Real=0.00s
[2025-02-13T23:49:02.182-0500][gc,marking    ] GC(5) Concurrent Cleanup for Next Mark
[2025-02-13T23:49:02.194-0500][gc,marking    ] GC(5) Concurrent Cleanup for Next Mark 12.173ms
[2025-02-13T23:49:02.194-0500][gc            ] GC(5) Concurrent Cycle 32.999ms
[2025-02-13T23:53:49.589-0500][gc,start      ] GC(6) Pause Young (Normal) (G1 Evacuation Pause)
[2025-02-13T23:53:49.598-0500][gc,task       ] GC(6) Using 11 workers of 11 for evacuation
[2025-02-13T23:53:49.630-0500][gc,mmu        ] GC(6) MMU target violated: 21.0ms (20.0ms/21.0ms)
[2025-02-13T23:53:49.630-0500][gc,phases     ] GC(6)   Pre Evacuate Collection Set: 2.4ms
[2025-02-13T23:53:49.630-0500][gc,phases     ] GC(6)   Evacuate Collection Set: 26.8ms
[2025-02-13T23:53:49.630-0500][gc,phases     ] GC(6)   Post Evacuate Collection Set: 2.0ms
[2025-02-13T23:53:49.630-0500][gc,phases     ] GC(6)   Other: 10.2ms
[2025-02-13T23:53:49.630-0500][gc,heap       ] GC(6) Eden regions: 45->0(45)
[2025-02-13T23:53:49.630-0500][gc,heap       ] GC(6) Survivor regions: 6->6(7)
[2025-02-13T23:53:49.630-0500][gc,heap       ] GC(6) Old regions: 11->13
[2025-02-13T23:53:49.630-0500][gc,heap       ] GC(6) Humongous regions: 138->138
[2025-02-13T23:53:49.630-0500][gc,metaspace  ] GC(6) Metaspace: 39839K(41600K)->39839K(41600K) NonClass: 35352K(36352K)->35352K(36352K) Class: 4486K(5248K)->4486K(5248K)
[2025-02-13T23:53:49.630-0500][gc            ] GC(6) Pause Young (Normal) (G1 Evacuation Pause) 197M->155M(1024M) 41.448ms
[2025-02-13T23:53:49.630-0500][gc,cpu        ] GC(6) User=0.23s Sys=0.04s Real=0.05s
[2025-02-14T00:03:58.260-0500][gc,start      ] GC(7) Pause Young (Normal) (G1 Evacuation Pause)
[2025-02-14T00:03:58.260-0500][gc,task       ] GC(7) Using 11 workers of 11 for evacuation
[2025-02-14T00:03:58.302-0500][gc,mmu        ] GC(7) MMU target violated: 21.0ms (20.0ms/21.0ms)
[2025-02-14T00:03:58.302-0500][gc,phases     ] GC(7)   Pre Evacuate Collection Set: 0.0ms
[2025-02-14T00:03:58.302-0500][gc,phases     ] GC(7)   Evacuate Collection Set: 39.4ms
[2025-02-14T00:03:58.302-0500][gc,phases     ] GC(7)   Post Evacuate Collection Set: 2.1ms
[2025-02-14T00:03:58.302-0500][gc,phases     ] GC(7)   Other: 0.8ms
[2025-02-14T00:03:58.302-0500][gc,heap       ] GC(7) Eden regions: 45->0(48)
[2025-02-14T00:03:58.302-0500][gc,heap       ] GC(7) Survivor regions: 6->3(7)
[2025-02-14T00:03:58.302-0500][gc,heap       ] GC(7) Old regions: 13->16
[2025-02-14T00:03:58.302-0500][gc,heap       ] GC(7) Humongous regions: 138->138
[2025-02-14T00:03:58.302-0500][gc,metaspace  ] GC(7) Metaspace: 40178K(41856K)->40178K(41856K) NonClass: 35677K(36608K)->35677K(36608K) Class: 4500K(5248K)->4500K(5248K)
[2025-02-14T00:03:58.303-0500][gc            ] GC(7) Pause Young (Normal) (G1 Evacuation Pause) 200M->155M(1024M) 42.603ms
[2025-02-14T00:03:58.303-0500][gc,cpu        ] GC(7) User=0.35s Sys=0.05s Real=0.04s
[2025-02-14T00:14:06.253-0500][gc,start      ] GC(8) Pause Young (Normal) (G1 Evacuation Pause)
[2025-02-14T00:14:06.254-0500][gc,task       ] GC(8) Using 11 workers of 11 for evacuation
[2025-02-14T00:14:06.316-0500][gc,mmu        ] GC(8) MMU target violated: 21.0ms (20.0ms/21.0ms)
[2025-02-14T00:14:06.316-0500][gc,phases     ] GC(8)   Pre Evacuate Collection Set: 0.6ms
[2025-02-14T00:14:06.316-0500][gc,phases     ] GC(8)   Evacuate Collection Set: 54.1ms
[2025-02-14T00:14:06.316-0500][gc,phases     ] GC(8)   Post Evacuate Collection Set: 7.6ms
[2025-02-14T00:14:06.316-0500][gc,phases     ] GC(8)   Other: 0.8ms
[2025-02-14T00:14:06.316-0500][gc,heap       ] GC(8) Eden regions: 48->0(47)
[2025-02-14T00:14:06.316-0500][gc,heap       ] GC(8) Survivor regions: 3->4(7)
[2025-02-14T00:14:06.316-0500][gc,heap       ] GC(8) Old regions: 16->16
[2025-02-14T00:14:06.316-0500][gc,heap       ] GC(8) Humongous regions: 138->138
[2025-02-14T00:14:06.316-0500][gc,metaspace  ] GC(8) Metaspace: 41478K(43520K)->41478K(43520K) NonClass: 36749K(37888K)->36749K(37888K) Class: 4729K(5632K)->4729K(5632K)
[2025-02-14T00:14:06.316-0500][gc            ] GC(8) Pause Young (Normal) (G1 Evacuation Pause) 203M->156M(1024M) 63.077ms
[2025-02-14T00:14:06.317-0500][gc,cpu        ] GC(8) User=0.56s Sys=0.00s Real=0.07s
[2025-02-14T00:18:34.306-0500][gc,start      ] GC(9) Pause Young (Normal) (G1 Evacuation Pause)
[2025-02-14T00:18:34.306-0500][gc,task       ] GC(9) Using 11 workers of 11 for evacuation
[2025-02-14T00:18:34.329-0500][gc,mmu        ] GC(9) MMU target violated: 21.0ms (20.0ms/21.0ms)
[2025-02-14T00:18:34.329-0500][gc,phases     ] GC(9)   Pre Evacuate Collection Set: 0.3ms
[2025-02-14T00:18:34.329-0500][gc,phases     ] GC(9)   Evacuate Collection Set: 17.4ms
[2025-02-14T00:18:34.329-0500][gc,phases     ] GC(9)   Post Evacuate Collection Set: 4.9ms
[2025-02-14T00:18:34.329-0500][gc,phases     ] GC(9)   Other: 0.8ms
[2025-02-14T00:18:34.329-0500][gc,heap       ] GC(9) Eden regions: 47->0(46)
[2025-02-14T00:18:34.329-0500][gc,heap       ] GC(9) Survivor regions: 4->5(7)
[2025-02-14T00:18:34.329-0500][gc,heap       ] GC(9) Old regions: 16->16
[2025-02-14T00:18:34.329-0500][gc,heap       ] GC(9) Humongous regions: 138->138
[2025-02-14T00:18:34.329-0500][gc,metaspace  ] GC(9) Metaspace: 43916K(46336K)->43916K(46336K) NonClass: 38662K(39936K)->38662K(39936K) Class: 5254K(6400K)->5254K(6400K)
[2025-02-14T00:18:34.329-0500][gc            ] GC(9) Pause Young (Normal) (G1 Evacuation Pause) 203M->157M(1024M) 23.325ms
[2025-02-14T00:18:34.329-0500][gc,cpu        ] GC(9) User=0.21s Sys=0.02s Real=0.02s
[2025-02-14T00:24:38.461-0500][gc,start      ] GC(10) Pause Young (Normal) (G1 Evacuation Pause)
[2025-02-14T00:24:38.462-0500][gc,task       ] GC(10) Using 11 workers of 11 for evacuation
[2025-02-14T00:24:38.485-0500][gc,mmu        ] GC(10) MMU target violated: 21.0ms (20.0ms/21.0ms)
[2025-02-14T00:24:38.485-0500][gc,phases     ] GC(10)   Pre Evacuate Collection Set: 0.3ms
[2025-02-14T00:24:38.485-0500][gc,phases     ] GC(10)   Evacuate Collection Set: 18.0ms
[2025-02-14T00:24:38.485-0500][gc,phases     ] GC(10)   Post Evacuate Collection Set: 3.7ms
[2025-02-14T00:24:38.485-0500][gc,phases     ] GC(10)   Other: 2.0ms
[2025-02-14T00:24:38.485-0500][gc,heap       ] GC(10) Eden regions: 46->0(46)
[2025-02-14T00:24:38.485-0500][gc,heap       ] GC(10) Survivor regions: 5->5(7)
[2025-02-14T00:24:38.485-0500][gc,heap       ] GC(10) Old regions: 16->19
[2025-02-14T00:24:38.485-0500][gc,heap       ] GC(10) Humongous regions: 138->138
[2025-02-14T00:24:38.485-0500][gc,metaspace  ] GC(10) Metaspace: 44848K(47360K)->44848K(47360K) NonClass: 39540K(40960K)->39540K(40960K) Class: 5307K(6400K)->5307K(6400K)
[2025-02-14T00:24:38.485-0500][gc            ] GC(10) Pause Young (Normal) (G1 Evacuation Pause) 203M->159M(1024M) 24.145ms
[2025-02-14T00:24:38.485-0500][gc,cpu        ] GC(10) User=0.19s Sys=0.02s Real=0.02s
[2025-02-14T00:31:00.755-0500][gc,start      ] GC(11) Pause Young (Normal) (G1 Evacuation Pause)
[2025-02-14T00:31:00.756-0500][gc,task       ] GC(11) Using 11 workers of 11 for evacuation
[2025-02-14T00:31:00.774-0500][gc,phases     ] GC(11)   Pre Evacuate Collection Set: 0.7ms
[2025-02-14T00:31:00.774-0500][gc,phases     ] GC(11)   Evacuate Collection Set: 16.1ms
[2025-02-14T00:31:00.774-0500][gc,phases     ] GC(11)   Post Evacuate Collection Set: 1.5ms
[2025-02-14T00:31:00.775-0500][gc,phases     ] GC(11)   Other: 0.9ms
[2025-02-14T00:31:00.775-0500][gc,heap       ] GC(11) Eden regions: 46->0(47)
[2025-02-14T00:31:00.775-0500][gc,heap       ] GC(11) Survivor regions: 5->4(7)
[2025-02-14T00:31:00.775-0500][gc,heap       ] GC(11) Old regions: 19->21
[2025-02-14T00:31:00.775-0500][gc,heap       ] GC(11) Humongous regions: 138->138
[2025-02-14T00:31:00.775-0500][gc,metaspace  ] GC(11) Metaspace: 45033K(47488K)->45033K(47488K) NonClass: 39696K(40960K)->39696K(40960K) Class: 5336K(6528K)->5336K(6528K)
[2025-02-14T00:31:00.775-0500][gc            ] GC(11) Pause Young (Normal) (G1 Evacuation Pause) 205M->160M(1024M) 19.180ms
[2025-02-14T00:31:00.775-0500][gc,cpu        ] GC(11) User=0.16s Sys=0.00s Real=0.02s
[2025-02-14T00:37:41.052-0500][gc,start      ] GC(12) Pause Young (Normal) (G1 Evacuation Pause)
[2025-02-14T00:37:41.052-0500][gc,task       ] GC(12) Using 11 workers of 11 for evacuation
[2025-02-14T00:37:41.108-0500][gc,mmu        ] GC(12) MMU target violated: 21.0ms (20.0ms/21.0ms)
[2025-02-14T00:37:41.109-0500][gc,phases     ] GC(12)   Pre Evacuate Collection Set: 0.6ms
[2025-02-14T00:37:41.109-0500][gc,phases     ] GC(12)   Evacuate Collection Set: 52.8ms
[2025-02-14T00:37:41.109-0500][gc,phases     ] GC(12)   Post Evacuate Collection Set: 2.2ms
[2025-02-14T00:37:41.109-0500][gc,phases     ] GC(12)   Other: 1.2ms
[2025-02-14T00:37:41.109-0500][gc,heap       ] GC(12) Eden regions: 47->0(48)
[2025-02-14T00:37:41.109-0500][gc,heap       ] GC(12) Survivor regions: 4->3(7)
[2025-02-14T00:37:41.109-0500][gc,heap       ] GC(12) Old regions: 21->21
[2025-02-14T00:37:41.109-0500][gc,heap       ] GC(12) Humongous regions: 138->138
[2025-02-14T00:37:41.109-0500][gc,metaspace  ] GC(12) Metaspace: 45085K(47744K)->45085K(47744K) NonClass: 39747K(41216K)->39747K(41216K) Class: 5337K(6528K)->5337K(6528K)
[2025-02-14T00:37:41.109-0500][gc            ] GC(12) Pause Young (Normal) (G1 Evacuation Pause) 207M->160M(1024M) 56.932ms
[2025-02-14T00:37:41.109-0500][gc,cpu        ] GC(12) User=0.53s Sys=0.01s Real=0.06s
[2025-02-14T00:44:31.338-0500][gc,start      ] GC(13) Pause Young (Normal) (G1 Evacuation Pause)
[2025-02-14T00:44:31.338-0500][gc,task       ] GC(13) Using 11 workers of 11 for evacuation
[2025-02-14T00:44:31.345-0500][gc,phases     ] GC(13)   Pre Evacuate Collection Set: 0.2ms
[2025-02-14T00:44:31.345-0500][gc,phases     ] GC(13)   Evacuate Collection Set: 3.7ms
[2025-02-14T00:44:31.345-0500][gc,phases     ] GC(13)   Post Evacuate Collection Set: 2.9ms
[2025-02-14T00:44:31.345-0500][gc,phases     ] GC(13)   Other: 0.3ms
[2025-02-14T00:44:31.345-0500][gc,heap       ] GC(13) Eden regions: 48->0(52)
[2025-02-14T00:44:31.345-0500][gc,heap       ] GC(13) Survivor regions: 3->4(7)
[2025-02-14T00:44:31.345-0500][gc,heap       ] GC(13) Old regions: 21->21
[2025-02-14T00:44:31.345-0500][gc,heap       ] GC(13) Humongous regions: 138->138
[2025-02-14T00:44:31.345-0500][gc,metaspace  ] GC(13) Metaspace: 45238K(47744K)->45238K(47744K) NonClass: 39870K(41216K)->39870K(41216K) Class: 5367K(6528K)->5367K(6528K)
[2025-02-14T00:44:31.345-0500][gc            ] GC(13) Pause Young (Normal) (G1 Evacuation Pause) 208M->160M(1024M) 7.134ms
[2025-02-14T00:44:31.345-0500][gc,cpu        ] GC(13) User=0.05s Sys=0.01s Real=0.00s
[2025-02-14T00:44:32.190-0500][gc,heap,exit  ] Heap
[2025-02-14T00:44:32.190-0500][gc,heap,exit  ]  garbage-first heap   total 1048576K, used 180558K [0x00000000c0000000, 0x0000000100000000)
[2025-02-14T00:44:32.190-0500][gc,heap,exit  ]   region size 1024K, 22 young (22528K), 4 survivors (4096K)
[2025-02-14T00:44:32.190-0500][gc,heap,exit  ]  Metaspace       used 46609K, capacity 49265K, committed 49536K, reserved 1091584K
[2025-02-14T00:44:32.190-0500][gc,heap,exit  ]   class space    used 5686K, capacity 6913K, committed 7040K, reserved 1048576K
